Archive member included to satisfy reference by file (symbol)

../../../../include_lib/liba/bd19/cpu.a(crc16.c.o)
                              obj/Release/cpu/bd19/setup.o (symbol from plugin) (__crc16_mutex_init)
../../../../include_lib/liba/bd19/cpu.a(uart.c.o)
                              obj/Release/cpu/bd19/adc_api.o (symbol from plugin) (delay)
../../../../include_lib/liba/bd19/cpu.a(clock.c.o)
                              obj/Release/cpu/bd19/setup.o (symbol from plugin) (clock_dump)
../../../../include_lib/liba/bd19/cpu.a(gpio.c.o)
                              obj/Release/cpu/bd19/iic_hw.o (symbol from plugin) (usb_iomode)
../../../../include_lib/liba/bd19/cpu.a(timer.c.o)
                              obj/Release/apps/common/key/key_driver.o (symbol from plugin) (timer_get_ms)
../../../../include_lib/liba/bd19/cpu.a(usb.c.o)
                              obj/Release/apps/common/usb/device/usb_device.o (symbol from plugin) (usb_sof_clr_pnd)
../../../../include_lib/liba/bd19/cpu.a(wdt.c.o)
                              obj/Release/cpu/bd19/mcpwm.o (symbol from plugin) (wdt_clear)
../../../../include_lib/liba/bd19/cpu.a(efuse.c.o)
                              obj/Release/cpu/bd19/charge.o (symbol from plugin) (get_vbat_trim)
../../../../include_lib/liba/bd19/cpu.a(debug.c.o)
                              obj/Release/apps/common/update/testbox_update.o (symbol from plugin) (ram_protect_close)
../../../../include_lib/liba/bd19/cpu.a(p33.c.o)
                              obj/Release/cpu/bd19/adc_api.o (symbol from plugin) (adc_pmu_ch_select)
../../../../include_lib/liba/bd19/cpu.a(power_hw.c.o)
                              timer.c.o (symbol from plugin) (low_power_sys_get)
../../../../include_lib/liba/bd19/cpu.a(power_wakeup.c.o)
                              power_hw.c.o (symbol from plugin) (p33_wakeup_irq_handler)
../../../../include_lib/liba/bd19/cpu.a(rtc.c.o)
                              power_hw.c.o (symbol from plugin) (rtc_wakup_source)
../../../../include_lib/liba/bd19/cpu.a(pmu_calibrate.c.o)
                              obj/Release/cpu/bd19/adc_api.o (symbol from plugin) (get_wvdd_trim_level)
../../../../include_lib/liba/bd19/cpu.a(otg.c.o)
                              obj/Release/apps/common/usb/usb_config.o (symbol from plugin) (usb_otg_suspend)
../../../../include_lib/liba/bd19/cpu.a(usb_phy.c.o)
                              obj/Release/apps/common/usb/usb_config.o (symbol from plugin) (usb_read_sofframe)
../../../../include_lib/liba/bd19/cpu.a(usb_setup.c.o)
                              obj/Release/apps/common/usb/usb_config.o (symbol from plugin) (usb_device2id)
../../../../include_lib/liba/bd19/cpu.a(descriptor.c.o)
                              usb_setup.c.o (symbol from plugin) (get_device_descriptor)
../../../../include_lib/liba/bd19/cpu.a(startup.S.o)
                              (_start)
../../../../include_lib/liba/bd19/cpu.a(lp_timer_hw.c.o)
                              power_hw.c.o (symbol from plugin) (__lp_timer_dump)
../../../../include_lib/liba/bd19/cpu.a(lrc_hw.c.o)
                              power_hw.c.o (symbol from plugin) (__get_lrc_hz)
../../../../include_lib/liba/bd19/system.a(app_core.c.o)
                              obj/Release/apps/spp_and_le/app_main.o (symbol from plugin) (start_app)
../../../../include_lib/liba/bd19/system.a(syscfg_api.c.o)
                              obj/Release/apps/spp_and_le/user_cfg.o (symbol from plugin) (syscfg_read)
../../../../include_lib/liba/bd19/system.a(sbrk.c.o)
                              obj/Release/cpu/bd19/setup.o (symbol from plugin) (memory_init)
../../../../include_lib/liba/bd19/system.a(port_overwrite.c.o)
                              ../../../../include_lib/liba/bd19/cpu.a(startup.S.o) (maskrom_init)
../../../../include_lib/liba/bd19/system.a(heap_mmu.c.o)
                              sbrk.c.o (symbol from plugin) (vStackMemoryInit)
../../../../include_lib/liba/bd19/system.a(hwi.c.o)
                              obj/Release/cpu/bd19/adc_api.o (symbol from plugin) (request_irq)
../../../../include_lib/liba/bd19/system.a(memory.c.o)
                              obj/Release/apps/common/update/update.o (symbol from plugin) (malloc)
../../../../include_lib/liba/bd19/system.a(device_api.c.o)
                              obj/Release/apps/spp_and_le/board/bd19/board_ac632n_demo.o (symbol from plugin) (devices_init)
../../../../include_lib/liba/bd19/system.a(event.c.o)
                              obj/Release/cpu/bd19/charge.o (symbol from plugin) (sys_event_notify)
../../../../include_lib/liba/bd19/system.a(sdfile_new.c.o)
                              (sdfile_vfs_ops)
../../../../include_lib/liba/bd19/system.a(vfs.c.o)
                              sdfile_new.c.o (symbol from plugin) (mount)
../../../../include_lib/liba/bd19/system.a(init.c.o)
                              ../../../../include_lib/liba/bd19/cpu.a(startup.S.o) (boot_info_init)
../../../../include_lib/liba/bd19/system.a(puthex.c.o)
[...]
Memory Configuration

Name             Origin             Length             Attributes
code0            0x01e00120         0x00100000         xr
ram0             0x00000000         0x0000fb60         xrw
*default*        0x00000000         0xffffffff

Linker script and memory map

LOAD obj/Release/cpu/bd19/adc_api.o
LOAD ..\..\..\..\cpu\bd19\tools\sdk.elf.o
LOAD obj/Release/cpu/bd19/charge.o
LOAD obj/Release/cpu/bd19/chargestore.o
LOAD obj/Release/cpu/bd19/iic_hw.o
LOAD obj/Release/cpu/bd19/iic_soft.o
LOAD obj/Release/cpu/bd19/ledc.o
LOAD obj/Release/cpu/bd19/mcpwm.o
LOAD obj/Release/cpu/bd19/pwm_led.o
LOAD obj/Release/cpu/bd19/setup.o
LOAD obj/Release/cpu/bd19/spi.o
LOAD obj/Release/cpu/bd19/uart_dev.o
LOAD obj/Release/apps/common/bt_common/bt_test_api.o
LOAD obj/Release/apps/common/debug/debug.o
LOAD obj/Release/apps/common/device/norflash/norflash.o
LOAD obj/Release/apps/common/key/adkey.o
LOAD obj/Release/apps/common/key/iokey.o
LOAD obj/Release/apps/common/key/key_driver.o
LOAD obj/Release/apps/common/key/touch_key.o
LOAD obj/Release/apps/common/third_party_profile/common/custom_cfg.o
LOAD obj/Release/apps/common/third_party_profile/jieli/JL_rcsp/rcsp_bluetooth.o
LOAD obj/Release/apps/common/third_party_profile/jieli/JL_rcsp/rcsp_updata/rcsp_ch_loader_download.o
LOAD obj/Release/apps/common/third_party_profile/jieli/JL_rcsp/rcsp_updata/rcsp_user_update.o
LOAD obj/Release/apps/common/third_party_profile/jieli/le_at_char_client.o
LOAD obj/Release/apps/common/third_party_profile/jieli/le_at_char_com.o
LOAD obj/Release/apps/common/third_party_profile/jieli/le_at_client.o
LOAD obj/Release/apps/common/third_party_profile/jieli/le_at_com.o
LOAD obj/Release/apps/common/third_party_profile/jieli/le_client_demo.o
LOAD obj/Release/apps/common/third_party_profile/jieli/multi_demo/le_multi_client.o
LOAD obj/Release/apps/common/third_party_profile/jieli/multi_demo/le_multi_common.o
LOAD obj/Release/apps/common/third_party_profile/jieli/multi_demo/le_multi_trans.o
LOAD obj/Release/apps/common/third_party_profile/jieli/spp_at_com.o
LOAD obj/Release/apps/common/third_party_profile/jieli/trans_data_demo/le_beacon.o
LOAD obj/Release/apps/common/third_party_profile/jieli/trans_data_demo/le_trans_data.o
LOAD obj/Release/apps/common/third_party_profile/jieli/trans_data_demo/spp_trans_data.o
LOAD obj/Release/apps/common/update/testbox_update.o
LOAD obj/Release/apps/common/update/uart_update.o
LOAD obj/Release/apps/common/update/update.o
LOAD obj/Release/apps/common/usb/device/cdc.o
LOAD obj/Release/apps/common/usb/device/descriptor.o
LOAD obj/Release/apps/common/usb/device/hid.o
LOAD obj/Release/apps/common/usb/device/msd.o
LOAD obj/Release/apps/common/usb/device/msd_upgrade.o
LOAD obj/Release/apps/common/usb/device/task_pc.o
LOAD obj/Release/apps/common/usb/device/uac1.o
LOAD obj/Release/apps/common/usb/device/uac_stream.o
LOAD obj/Release/apps/common/usb/device/usb_device.o
LOAD obj/Release/apps/common/usb/device/user_setup.o
LOAD obj/Release/apps/common/usb/host/adb.o
LOAD obj/Release/apps/common/usb/host/aoa.o
LOAD obj/Release/apps/common/usb/host/audio.o
LOAD obj/Release/apps/common/usb/host/audio_demo.o
LOAD obj/Release/apps/common/usb/host/hid.o
LOAD obj/Release/apps/common/usb/host/usb_bulk_transfer.o
LOAD obj/Release/apps/common/usb/host/usb_ctrl_transfer.o
LOAD obj/Release/apps/common/usb/host/usb_host.o
LOAD obj/Release/apps/common/usb/host/usb_storage.o
LOAD obj/Release/apps/common/usb/usb_config.o
LOAD obj/Release/apps/common/usb/usb_host_config.o
LOAD obj/Release/apps/spp_and_le/7PIN_led8888.o
LOAD obj/Release/apps/spp_and_le/app_at_char_com.o
LOAD obj/Release/apps/spp_and_le/app_at_com.o
LOAD obj/Release/apps/spp_and_le/app_charge.o
LOAD obj/Release/apps/spp_and_le/app_chargestore.o
LOAD obj/Release/apps/spp_and_le/app_dongle.o
LOAD obj/Release/apps/spp_and_le/app_idle.o
LOAD obj/Release/apps/spp_and_le/app_main.o
LOAD obj/Release/apps/spp_and_le/app_multi_conn.o
LOAD obj/Release/apps/spp_and_le/app_power_manage.o
LOAD obj/Release/apps/spp_and_le/app_spp_and_le.o
LOAD obj/Release/apps/spp_and_le/at_char_cmds.o
LOAD obj/Release/apps/spp_and_le/at_char_uart.o
LOAD obj/Release/apps/spp_and_le/at_cmds.o
LOAD obj/Release/apps/spp_and_le/at_uart.o
LOAD obj/Release/apps/spp_and_le/lib_config/lib_btctrler_config.o
LOAD obj/Release/apps/spp_and_le/lib_config/lib_btstack_config.o
LOAD obj/Release/apps/spp_and_le/lib_config/lib_driver_config.o
LOAD obj/Release/apps/spp_and_le/lib_config/lib_profile_config.o
LOAD obj/Release/apps/spp_and_le/lib_config/lib_system_config.o
LOAD obj/Release/apps/spp_and_le/lib_config/lib_update_config.o
LOAD obj/Release/apps/spp_and_le/log_config.o
LOAD obj/Release/apps/spp_and_le/misc.o
LOAD obj/Release/apps/spp_and_le/rtc_alarm.o
LOAD obj/Release/apps/spp_and_le/usb_hid_devices.o
LOAD obj/Release/apps/spp_and_le/user_cfg.o
LOAD obj/Release/apps/spp_and_le/version.o
LOAD obj/Release/apps/spp_and_le/board/bd19/board_ac6321a_demo.o
LOAD obj/Release/apps/spp_and_le/board/bd19/board_ac6323a_demo.o
LOAD obj/Release/apps/spp_and_le/board/bd19/board_ac6328a_demo.o
LOAD obj/Release/apps/spp_and_le/board/bd19/board_ac6328b_dongle.o
LOAD obj/Release/apps/spp_and_le/board/bd19/board_ac6329b_demo.o
LOAD obj/Release/apps/spp_and_le/board/bd19/board_ac6329c_demo.o
LOAD obj/Release/apps/spp_and_le/board/bd19/board_ac6329e_demo.o
LOAD obj/Release/apps/spp_and_le/board/bd19/board_ac6329f_demo.o
LOAD obj/Release/apps/spp_and_le/board/bd19/board_ac632n_demo.o
LOAD obj/Release/apps/spp_and_le/board/bd19/lost.o
START GROUP
LOAD ../../../../include_lib/liba/bd19/cpu.a
LOAD ../../../../include_lib/liba/bd19/system.a
LOAD ../../../../include_lib/liba/bd19/btstack.a
LOAD ../../../../include_lib/liba/bd19/btctrler.a
LOAD ../../../../include_lib/liba/bd19/agreement.a
LOAD ../../../../include_lib/liba/bd19/rcsp_stack.a
END GROUP
LOAD ../../../../include_lib/liba/bd19/update.a
                0x00106d98                local_irq_enable = 0x106d98
                0x00106d9c                local_irq_disable = 0x106d9c
                0x00106da0                lp_signature_set = 0x106da0
                0x00106da4                os_init = 0x106da4
                0x00106da8                os_start = 0x106da8
                0x00106dac                os_get_curr_tcb_var = 0x106dac
                0x00106db0                os_task_create = 0x106db0
                0x00106db4                os_current_task_rom = 0x106db4
                0x00106db8                os_time_dly = 0x106db8
                0x00106dbc                os_time_get = 0x106dbc
                0x00106dc0                os_task_del_req = 0x106dc0
                0x00106dc4                os_task_del_res = 0x106dc4
                0x00106dc8                os_task_del = 0x106dc8
                0x00106dcc                __os_taskq_pend = 0x106dcc
                0x00106dd0                os_taskq_pend = 0x106dd0
                0x00106dd4                os_task_pend = 0x106dd4
                0x00106dd8                __os_taskq_post = 0x106dd8
                0x00106ddc                os_taskq_post = 0x106ddc
                0x00106de0                os_taskq_post_type = 0x106de0
                0x00106de4                os_taskq_flush = 0x106de4
                0x00106de8                task_queue_post_event = 0x106de8
                0x00106dec                os_taskq_post_msg = 0x106dec
                0x00106df0                os_taskq_post_event = 0x106df0
                0x00106df4                os_taskq_accept = 0x106df4
                0x00106df8                os_taskq_del = 0x106df8
                0x00106dfc                os_taskq_del_type = 0x106dfc
                0x00106e00                os_sem_create = 0x106e00
                0x00106e04                os_sem_del = 0x106e04
                0x00106e08                os_sem_pend = 0x106e08
                0x00106e0c                os_sem_post = 0x106e0c
                0x00106e10                os_sem_set = 0x106e10
                0x00106e14                os_sem_valid = 0x106e14
                0x00106e18                os_sem_query = 0x106e18
                0x00106e1c                os_mutex_create = 0x106e1c
                0x00106e20                os_mutex_del = 0x106e20
                0x00106e24                os_mutex_pend = 0x106e24
                0x00106e28                os_mutex_post = 0x106e28
                0x00106e2c                os_mutex_valid = 0x106e2c
                0x00106e30                xTaskCreate = 0x106e30
                0x00106e34                xTaskGetCurrentTaskHandle = 0x106e34
                0x00106e38                xTaskGetTickCount = 0x106e38
                0x00106e3c                xTaskGetHandle = 0x106e3c
                0x00106e40                vTaskDelete = 0x106e40
                0x00106e44                xTaskGetApplicationTaskTag = 0x106e44
                0x00106e48                vTaskSetApplicationTaskTag = 0x106e48
                0x00106e4c                xQueueGenericCreateStatic = 0x106e4c
                0x00106e50                xQueueGenericReset = 0x106e50
                0x00106e54                xQueueGenericSend = 0x106e54
                0x00106e58                xQueueGenericSendFromISR = 0x106e58
                0x00106e5c                xQueueGenericReceive = 0x106e5c
                0x00106e60                xQueueReceiveFromISR = 0x106e60
                0x00106e64                vQueueDelete = 0x106e64
                0x00106e68                uxQueueMessagesWaiting = 0x106e68
                0x00106e6c                uxQueueMessagesWaitingFromISR = 0x106e6c
                0x00106e70                uxQueueSpacesAvailable = 0x106e70
                0x00106e74                pcTaskGetName = 0x106e74
                0x00106e78                prvGetExpectedIdleTime = 0x106e78
                0x00106e7c                eTaskConfirmSleepModeStatus = 0x106e7c
                0x00106e80                vTaskStepTick = 0x106e80
                0x00106e84                pxPortInitialiseStack = 0x106e84
                0x00106e88                xPortStartScheduler = 0x106e88
                0x00106e8c                vPortEndScheduler = 0x106e8c
                0x00106e90                vPortYield = 0x106e90
                0x00106e94                vPortExitCritical = 0x106e94
                0x00106e98                OS_ClrPending = 0x106e98
                0x00106e9c                vTickISR = 0x106e9c
                0x00106ea0                pmalloc_init = 0x106ea0
                0x00106ea4                pmalloc = 0x106ea4
                0x00106ea8                pfree = 0x106ea8
                0x00106eac                pmalloc_get_unused_pages = 0x106eac
                0x00106eb0                get_physic_address = 0x106eb0
                0x00106eb4                pmm_get_var = 0x106eb4
                0x00106eb8                vmm_init_ = 0x106eb8
                0x00106ebc                vmalloc_ = 0x106ebc
                0x00106ec0                vfree_ = 0x106ec0
                0x00106ec4                vmem_get_phy_adr = 0x106ec4
                0x00106ec8                vmem_start = 0x106ec8
                0x00106ecc                vmem_end = 0x106ecc
                0x00106ed0                vmm_get_var = 0x106ed0
                0x00106ed4                vmalloc_v2 = 0x106ed4
                0x00106ed8                vfree_v2 = 0x106ed8
                0x00106edc                vcopy_ = 0x106edc
                0x00106ee0                memmem = 0x106ee0
                0x00106ee4                memcpy = 0x106ee4
                0x00106ee8                memmove = 0x106ee8
                0x00106eec                memcmp = 0x106eec
                0x00106ef0                memset = 0x106ef0
                0x00106ef4                strcmp = 0x106ef4
                0x00106ef8                strcpy = 0x106ef8
                0x00106efc                strlen = 0x106efc
                0x00106f00                strncmp = 0x106f00
                0x00106f04                strstr = 0x106f04
                0x00106f08                strchr = 0x106f08
                0x00106f0c                IcuInitial = 0x106f0c
                0x00106f10                DcuInitial = 0x106f10
                0x00106f14                IcuCmdKst = 0x106f14
                0x00106f18                DcuCmdKst = 0x106f18
                0x00106f1c                IcuCmdSend = 0x106f1c
                0x00106f20                DcuCmdSend = 0x106f20
                0x00106f24                sfc_suspend = 0x106f24
                0x00106f28                sfc_resume = 0x106f28
                0x00106f2c                sfc_drop_cache = 0x106f2c
                0x00106f30                chip_crc16 = 0x106f30
                0x00106f34                CrcDecode = 0x106f34
                0x00106f38                mask_init = 0x106f38
                0x00106f3c                wdt_clr = 0x106f3c
                0x00106f40                nvram_set_boot_state = 0x106f40
                0x00106f44                chip_reset = 0x106f44
                0x00106f48                the_debug_isr = 0x106f48
                0x00106f4c                doe = 0x106f4c
                0x00106f50                _pll_init = 0x106f50
                0x00106f54                flash_poweron = 0x106f54
                0x00106f58                spi_unmount = 0x106f58
                0x00106f5c                spi_port_io_init = 0x106f5c
                0x00106f60                LZ4_setStreamDecode = 0x106f60
                0x00106f64                LZ4_decompress_safe_continue = 0x106f64
                0x00106f68                LZ4_decompress_safe_usingDict = 0x106f68
                0x00106f6c                _sdk_mkey_lock = 0x106f6c
                0x00106f70                g_hash_function = 0x106f70
                0x00106f74                f1_hash_function = 0x106f74
                0x00106f78                f2_hash_function = 0x106f78
                0x00106f7c                f3_hash_function = 0x106f7c
                0x00106f80                h2_hash_function = 0x106f80
                0x00106f84                h3_hash_function = 0x106f84
                0x00106f88                h4_hash_function = 0x106f88
                0x00106f8c                h5_hash_function = 0x106f8c
                0x00106f90                g_function = 0x106f90
                0x00106f94                f1_function = 0x106f94
                0x00106f98                f2_function = 0x106f98
                0x00106f9c                f3_function = 0x106f9c
                0x00106fa0                sha256Compute = 0x106fa0
                0x00106fa4                uECC_compute_public_key = 0x106fa4
                0x00106fa8                uECC_valid_public_key = 0x106fa8
                0x00106fac                uECC_make_key = 0x106fac
                0x00106fb0                uECC_shared_secret = 0x106fb0
                0x00106fb4                bi_initialize = 0x106fb4
                0x00106fb8                bi_read_from_byte = 0x106fb8
                0x00106fbc                bi_poly_mod2 = 0x106fbc
                0x00106fc0                bi_poly_mul = 0x106fc0
                0x00106fc4                trim = 0x106fc4
                0x00106fc8                bi_wirte_to_byte = 0x106fc8
                0x00106fcc                bi_free = 0x106fcc
                0x00106fd0                bi_terminate = 0x106fd0
                0x00106fd4                uECC_vli_isZero = 0x106fd4
                0x00106fd8                uECC_vli_modSquare_fast = 0x106fd8
                0x00106fdc                uECC_vli_modMult_fast = 0x106fdc
                0x00106fe0                uECC_vli_modAdd = 0x106fe0
                0x00106fe4                uECC_vli_modSub = 0x106fe4
                0x00106fe8                uECC_vli_testBit = 0x106fe8
                0x00106fec                uECC_vli_add = 0x106fec
                0x00106ff0                uECC_vli_rshift1 = 0x106ff0
                0x00106ff4                uECC_vli_set = 0x106ff4
                0x00106ff8                uECC_vli_sub = 0x106ff8
                0x00106ffc                uECC_vli_cmp_unsafe = 0x106ffc
                0x0000fc00                boot_arg_list = 0xfc00
                0x0000ff00                _IRQ_MEM_ADDR = 0xff00
                0x0000fbe0                _MASK_MEM_BEGIN = 0xfbe0
                0x00000294                _MASK_MEM_SIZE = 0x294
                0x00000080                UPDATA_SIZE = 0x80
                0x0000fb60                UPDATA_BEG = (_MASK_MEM_BEGIN - UPDATA_SIZE)
                0x0000eb60                UPDATA_BREDR_BASE_BEG = 0xeb60
                0x00000000                RAM_LIMIT_L = 0x0
                0x0000fb60                RAM_LIMIT_H = UPDATA_BEG
                0x0000fb60                PHY_RAM_SIZE = (RAM_LIMIT_H - RAM_LIMIT_L)
                0x0000ff00                ISR_BASE = _IRQ_MEM_ADDR
                0x00000294                ROM_RAM_SIZE = _MASK_MEM_SIZE
                0x0000fbe0                ROM_RAM_BEG = _MASK_MEM_BEGIN
                0x00000000                RAM0_BEG = RAM_LIMIT_L
                0x0000fb60                RAM0_END = RAM_LIMIT_H
                0x0000fb60                RAM0_SIZE = (RAM0_END - RAM0_BEG)
                0x01e00120                CODE_BEG = 0x1e00120
                0x01e00120                . = ORIGIN (code0)

.text           0x01e00120    0x18b4c
                [!provide]                PROVIDE (text_rodata_begin, .)
 *(.entry_text)
 *(.startup.text)
 .startup.text  0x01e00120      0x138 ../../../../include_lib/liba/bd19/cpu.a(startup.S.o)
                0x01e00120                _start
                0x01e001cc                __BT_UPDATA_JUMP
 *(.text)
 .text          0x01e00258     0x6470 ..\..\..\..\cpu\bd19\tools\sdk.elf.o
                0x01e02020                __errno
                0x01e0298c                lib_btstack_version
                0x01e02990                lib_media_version
                0x01e02fba                exception_analyze
 .text          0x01e066c8      0x16a C:\JL\pi32\q32s-lib\libcompiler-rt.a(addsf3.o)
                0x01e066c8                __addsf3
 .text          0x01e06832       0x4c C:\JL\pi32\q32s-lib\libcompiler-rt.a(fixsfsi.o)
                0x01e06832                __fixsfsi
 .text          0x01e0687e       0x60 C:\JL\pi32\q32s-lib\libcompiler-rt.a(floatsisf.o)
                0x01e0687e                __floatsisf
 .text          0x01e068de       0x54 C:\JL\pi32\q32s-lib\libcompiler-rt.a(floatunsisf.o)
                0x01e068de                __floatunsisf
 .text          0x01e06932       0x36 C:\JL\pi32\q32s-lib\libcompiler-rt.a(muldi3.o)
                0x01e06932                __muldi3
 .text          0x01e06968        0x8 C:\JL\pi32\q32s-lib\libcompiler-rt.a(subsf3.o)
                0x01e06968                __subsf3
 .text          0x01e06970       0x10 C:\JL\pi32\q32s-lib\libcompiler-rt.a(udivdi3.o)
                0x01e06970                __udivdi3
 .text          0x01e06980      0x1f8 C:\JL\pi32\q32s-lib\libcompiler-rt.a(udivmoddi4.o)
                0x01e06980                __udivmoddi4
 .text          0x01e06b78       0x14 C:\JL\pi32\q32s-lib\libcompiler-rt.a(umoddi3.o)
                0x01e06b78                __umoddi3
                0x01e06b8c                btstack_code_start = .
                0x01e06b8c                . = ALIGN (0x4)
                0x01e06b8c                a2dp_source_media_codec_begin = .
 *(.a2dp_source_media_codec)
                0x01e06b8c                a2dp_source_media_codec_end = .
                0x01e06b8c                a2dp_sink_media_probe_begin = .
 *(.a2dp_sink_media_probe)
                0x01e06b8c                a2dp_sink_media_probe_end = .
                0x01e06b8c                a2dp_sink_media_codec_begin = .
 *(.a2dp_sink_media_codec)
                0x01e06b8c                a2dp_sink_media_codec_end = .
                0x01e06b8c                a2dp_event_handler_begin = .
 *(.a2dp_event_handler)
 .a2dp_event_handler
                0x01e06b8c       0x1c ..\..\..\..\cpu\bd19\tools\sdk.elf.o
                0x01e06b8c                a2dp_sink_event_handler
                0x01e06ba8                a2dp_event_handler_end = .
                0x01e06ba8                sdp_record_item_begin = .
 *(.sdp_record_item)
 .sdp_record_item
                0x01e06ba8        0xc ..\..\..\..\cpu\bd19\tools\sdk.elf.o
                0x01e06ba8                spp_sdp_record_item
                0x01e06bb4                sdp_record_item_end = .
                0x01e06bb4                bt_sleep_begin = .
 *(.bt_sleep)
 .bt_sleep      0x01e06bb4       0x60 ..\..\..\..\cpu\bd19\tools\sdk.elf.o
                0x01e06bb4                bt_suspend_user_cmd_loop_resumeuser_cmd_loop_release
                0x01e06bc0                bt_suspend_a2dp_resumea2dp_release
                0x01e06bcc                bt_suspend_avctp_resumeavctp_release
                0x01e06bd8                bt_suspend_hfp_resumehfp_release
                0x01e06be4                bt_suspend_hid_resumehid_release
                0x01e06bf0                bt_suspend_spp_resumespp_release
                0x01e06bfc                bt_suspend_sdp_resumesdp_release
                0x01e06c08                bt_suspend_iap_resumeiap_release
                0x01e06c14                bt_sleep_end = .
 *(.bt_stack_const)
 .bt_stack_const
                0x01e06c14       0xcc ..\..\..\..\cpu\bd19\tools\sdk.elf.o
 *(.bt_stack_code)
 .bt_stack_code
                0x01e06ce0     0x35be ..\..\..\..\cpu\bd19\tools\sdk.elf.o
 *(.ble_db_const)
 *(.ble_db_code)
 *(.ble_sm_const)
 *(.ble_sm_code)
 .ble_sm_code   0x01e0a29e       0x3c ..\..\..\..\cpu\bd19\tools\sdk.elf.o
 *(.ble_att_const)
 .ble_att_const
                0x01e0a2da       0x17 ..\..\..\..\cpu\bd19\tools\sdk.elf.o
 *(.ble_att_code)
 *fill*         0x01e0a2f1        0x1 
 .ble_att_code  0x01e0a2f2      0x5fc ..\..\..\..\cpu\bd19\tools\sdk.elf.o
 *(.ble_gatt_const)
 *(.ble_gatt_code)
 .ble_gatt_code
                0x01e0a8ee      0x798 ..\..\..\..\cpu\bd19\tools\sdk.elf.o
                0x01e0b086                BTSTACK_LE_HOST_MESH_CODE_START = .
 *(.ble_mesh_code)
 *(.ble_mesh_tinycrypt_code)
 *(.ble_mesh_const)
 *(.ble_mesh_tinycrypt_const)
                0x00000000                BTSTACK_LE_HOST_MESH_CODE_SIZE = ABSOLUTE ((. - BTSTACK_LE_HOST_MESH_CODE_START))
                0x01e0b086                btstack_code_end = .
                0x01e0b088                . = ALIGN (0x4)
 *fill*         0x01e0b086        0x2 
                0x000044fa                BTSTACK_CODE_TOTAL_SIZE = (btstack_code_end - btstack_code_start)
                0x01e0b088                . = ALIGN (0x4)
                0x01e0b088                system_text_start = .
                0x01e0b088                _device_node_begin = .
                0x01e0b088                PROVIDE (device_node_begin, .)
 *(.device)
 .device        0x01e0b088        0xc ..\..\..\..\cpu\bd19\tools\sdk.elf.o
                0x01e0b088                device_table
                0x01e0b094                _device_node_end = .
                0x01e0b094                PROVIDE (device_node_end, .)
                0x01e0b094                config_target_begin = .
                [!provide]                PROVIDE (config_target_begin, .)
 *(.config_target)
                0x01e0b094                config_target_end = .
                [!provide]                PROVIDE (config_target_end, .)
                0x01e0b094                system_code_begin = .
 *(.system.*.text)
 .system.timer.text
                0x01e0b094      0x752 ..\..\..\..\cpu\bd19\tools\sdk.elf.o
 .system.cpu.text
                0x01e0b7e6     0x1014 ..\..\..\..\cpu\bd19\tools\sdk.elf.o
                0x01e0bba0                vFillingTaskStack
                0x01e0bbc6                maskrom_init
 .system.cbuf.text
                0x01e0c7fa       0xf2 ..\..\..\..\cpu\bd19\tools\sdk.elf.o
 .system.event.text
                0x01e0c8ec      0x3c0 ..\..\..\..\cpu\bd19\tools\sdk.elf.o
 .system.task.text
                0x01e0ccac       0x50 ..\..\..\..\cpu\bd19\tools\sdk.elf.o
 .system.app_core.text
                0x01e0ccfc      0x29a ..\..\..\..\cpu\bd19\tools\sdk.elf.o
 .system.cfg_tool.text
                0x01e0cf96      0x680 ..\..\..\..\cpu\bd19\tools\sdk.elf.o
 .system.fs.text
                0x01e0d616      0x896 ..\..\..\..\cpu\bd19\tools\sdk.elf.o
 .system.ascii.text
                0x01e0deac       0x36 ..\..\..\..\cpu\bd19\tools\sdk.elf.o
 .system.device.text
                0x01e0dee2       0xaa ..\..\..\..\cpu\bd19\tools\sdk.elf.o
 .system.init.text
                0x01e0df8c      0x13a ..\..\..\..\cpu\bd19\tools\sdk.elf.o
                0x01e0df8c                boot_info_init
                0x01e0dfb6                main
 .system.printf.text
                0x01e0e0c6      0x414 ..\..\..\..\cpu\bd19\tools\sdk.elf.o
 .system.lbuf.text
                0x01e0e4da      0x2e6 ..\..\..\..\cpu\bd19\tools\sdk.elf.o
                0x01e0e7c0                system_code_end = .
                0x01e0e7c0                . = ALIGN (0x4)
                0x0000372c                system_code_size = (system_code_end - system_code_begin)
                0x01e0e7c0                vfs_ops_begin = .
 *(.vfs_operations)
 .vfs_operations
                0x01e0e7c0       0x74 ..\..\..\..\cpu\bd19\tools\sdk.elf.o
                0x01e0e7c0                sdfile_vfs_ops
                0x01e0e834                vfs_ops_end = .
                0x01e0e834                _lib_version_begin = .
                [!provide]                PROVIDE (lib_version_begin, .)
 *(.lib_version)
 .lib_version   0x01e0e834        0x4 ..\..\..\..\cpu\bd19\tools\sdk.elf.o
                0x01e0e834                __version_sdfile
                0x01e0e838                _lib_version_end = .
                [!provide]                PROVIDE (lib_version_end, .)
                0x01e0e838                _initcall_begin = .
                0x01e0e838                PROVIDE (initcall_begin, .)
 *(.initcall)
 .initcall      0x01e0e838        0x4 ..\..\..\..\cpu\bd19\tools\sdk.elf.o
                0x01e0e838                __initcall_app_update_init
                0x01e0e83c                _initcall_end = .
                0x01e0e83c                PROVIDE (initcall_end, .)
                0x01e0e83c                _early_initcall_begin = .
                0x01e0e83c                PROVIDE (early_initcall_begin, .)
 *(.early.initcall)
 .early.initcall
                0x01e0e83c        0x8 ..\..\..\..\cpu\bd19\tools\sdk.elf.o
                0x01e0e83c                __initcall_sys_event_init
                0x01e0e840                __initcall_sdfile_init
                0x01e0e844                _early_initcall_end = .
                0x01e0e844                PROVIDE (early_initcall_end, .)
                0x01e0e844                _late_initcall_begin = .
                0x01e0e844                PROVIDE (late_initcall_begin, .)
 *(.late.initcall)
 .late.initcall
                0x01e0e844        0x4 ..\..\..\..\cpu\bd19\tools\sdk.elf.o
                0x01e0e844                __initcall_sdk_meky_check
                0x01e0e848                _late_initcall_end = .
                0x01e0e848                PROVIDE (late_initcall_end, .)
                0x01e0e848                _platform_initcall_begin = .
                0x01e0e848                PROVIDE (platform_initcall_begin, .)
 *(.platform.initcall)
 .platform.initcall
                0x01e0e848        0x4 ..\..\..\..\cpu\bd19\tools\sdk.elf.o
                0x01e0e848                __initcall_syscfg_tools_init
                0x01e0e84c                _platform_initcall_end = .
                0x01e0e84c                PROVIDE (platform_initcall_end, .)
                0x01e0e84c                _module_initcall_begin = .
                0x01e0e84c                PROVIDE (module_initcall_begin, .)
 *(.module.initcall)
                0x01e0e84c                _module_initcall_end = .
                0x01e0e84c                PROVIDE (module_initcall_end, .)
                0x01e0e84c                _sys_event_handler_begin = .
                0x01e0e84c                PROVIDE (sys_event_handler_begin, .)
 *(.sys_event.4.handler)
 *(.sys_event.3.handler)
 *(.sys_event.2.handler)
 *(.sys_event.1.handler)
 *(.sys_event.0.handler)
                0x01e0e84c                _sys_event_handler_end = .
                0x01e0e84c                PROVIDE (sys_event_handler_end, .)
                0x01e0e84c                _syscfg_arg_begin = .
                [!provide]                PROVIDE (syscfg_arg_begin, .)
 *(.syscfg.arg)
                0x01e0e84c                _syscfg_arg_end = .
                [!provide]                PROVIDE (syscfg_arg_end, .)
                0x01e0e84c                _syscfg_handler_begin = .
                [!provide]                PROVIDE (syscfg_handler_begin, .)
 *(.syscfg.handler)
                0x01e0e84c                _syscfg_handler_end = .
                [!provide]                PROVIDE (syscfg_handler_end, .)
                0x01e0e84c                _syscfg_ops_begin = .
                0x01e0e84c                PROVIDE (syscfg_ops_begin, .)
 *(.syscfg.2.ops)
 .syscfg.2.ops  0x01e0e84c       0x1c ..\..\..\..\cpu\bd19\tools\sdk.elf.o
                0x01e0e84c                cfg_btif
 *(.syscfg.1.ops)
 .syscfg.1.ops  0x01e0e868       0x1c ..\..\..\..\cpu\bd19\tools\sdk.elf.o
                0x01e0e868                cfg_vm
 *(.syscfg.0.ops)
 .syscfg.0.ops  0x01e0e884       0x1c ..\..\..\..\cpu\bd19\tools\sdk.elf.o
                0x01e0e884                cfg_bin
                0x01e0e8a0                _syscfg_ops_end = .
                0x01e0e8a0                PROVIDE (syscfg_ops_end, .)
                0x01e0e8a0                _server_info_begin = .
                [!provide]                PROVIDE (server_info_begin, .)
 *(.server_info)
                0x01e0e8a0                _server_info_end = .
                [!provide]                PROVIDE (server_info_end, .)
                0x01e0e8a0                _bus_device_begin = .
                [!provide]                PROVIDE (bus_device_begin, .)
 *(.bus_device)
                0x01e0e8a0                _bus_device_end = .
                [!provide]                PROVIDE (bus_device_end, .)
                0x01e0e8a0                _sys_power_hal_ops_begin = .
                [!provide]                PROVIDE (sys_power_hal_ops_begin, .)
 *(.sys_power_hal_ops)
                0x01e0e8a0                _sys_power_hal_ops_end = .
                [!provide]                PROVIDE (sys_power_hal_ops_end, .)
                0x01e0e8a0                . = ALIGN (0x4)
                0x01e0e8a0                lp_target_begin = .
                [!provide]                PROVIDE (lp_target_begin, .)
 *(.lp_target)
 .lp_target     0x01e0e8a0       0x6c ..\..\..\..\cpu\bd19\tools\sdk.elf.o
                0x01e0e8a0                key_lp_target
                0x01e0e8ac                ota_lp_target
                0x01e0e8b8                app_hid_lp_target
                0x01e0e8c4                app_state_lp_target
                0x01e0e8d0                custom_lp_target
                0x01e0e8dc                __wakeup_is_idle_target
                0x01e0e8e8                usb_dev_lp_target
                0x01e0e8f4                usr_systimer_lp_target
                0x01e0e900                btstack_lowpower_target
                0x01e0e90c                lp_target_end = .
                [!provide]                PROVIDE (lp_target_end, .)
                0x01e0e90c                . = ALIGN (0x4)
                0x01e0e90c                deepsleep_target_begin = .
                [!provide]                PROVIDE (deepsleep_target_begin, .)
 *(.deepsleep_target)
 .deepsleep_target
                0x01e0e90c       0x48 ..\..\..\..\cpu\bd19\tools\sdk.elf.o
                0x01e0e90c                uart
                0x01e0e918                clock_sfc
                0x01e0e924                tmr
                0x01e0e930                os
                0x01e0e93c                bt
                0x01e0e948                vm_sfc
                0x01e0e954                deepsleep_target_end = .
                [!provide]                PROVIDE (deepsleep_target_end, .)
                0x01e0e954                crypto_begin = .
 *(.crypto_ecdh_code)
 *(.crypto_ecdh_const)
 *(.crypto_bigint_code)
 *(.crypto_bigint_const)
 *(.crypto_code)
 *(.crypto_const)
 *(.ECDH_sample_code)
 *(.ECDH_sample_const)
 *(.uECC_code)
 *(.uECC_const)
 *(.hmac_code)
 *(.hmac_const)
 *(.hash_sample_code)
 *(.hash_sample_const)
 *(.aes_cmac_sample_code)
 *(.aes_cmac_sample_const)
                0x01e0e954                crypto_end = .
                0x00000000                crypto_size = (. - crypto_begin)
 *(.mem_code)
 *(.mem_const)
 *(.os_port_code)
 *(.os_port_const)
                0x01e0e954                __movable_function_start = .
 *(movable.text.*)
 *(movable.stub.*)
 *(movable.region.*)
                0x01e0e954                __movable_function_end = .
                0x00000000                __movable_function_size = (__movable_function_end - __movable_function_start)
                0x01e0e954                system_text_end = .
                0x000038cc                system_code_total_size = (system_text_end - system_text_start)
                0x01e0e954                . = ALIGN (0x4)
                0x01e0e954                update_target_begin = .
                [!provide]                PROVIDE (update_target_begin, .)
 *(.update_target)
 .update_target
                0x01e0e954        0x8 ..\..\..\..\cpu\bd19\tools\sdk.elf.o
                0x01e0e954                ble_update_target
                0x01e0e95c                update_target_end = .
                [!provide]                PROVIDE (update_target_end, .)
                0x01e0e95c                . = ALIGN (0x4)
 *(.LOG_TAG_CONST*)
 *(.rodata*)
 .rodata.cst32  0x01e0e95c       0x20 ..\..\..\..\cpu\bd19\tools\sdk.elf.o
 *fill*         0x01e0e97c        0x4 
 .rodata        0x01e0e980      0x6b8 ..\..\..\..\cpu\bd19\tools\sdk.elf.o
 .rodata.str1.1
                0x01e0f038      0x1fa ..\..\..\..\cpu\bd19\tools\sdk.elf.o
                                0x23b (size before relaxing)
 .rodata.cst4   0x01e0f232        0x8 ..\..\..\..\cpu\bd19\tools\sdk.elf.o
 *fill*         0x01e0f23a        0x2 
 .rodata.cst16  0x01e0f23c       0x20 ..\..\..\..\cpu\bd19\tools\sdk.elf.o
 .rodata.cst8   0x01e0f25c        0x8 ..\..\..\..\cpu\bd19\tools\sdk.elf.o
                0x01e0f264                . = ALIGN (0x4)
                [!provide]                PROVIDE (text_rodata_end, .)
                0x01e0f264                clock_critical_handler_begin = .
 *(.clock_critical_txt)
 .clock_critical_txt
                0x01e0f264       0x20 ..\..\..\..\cpu\bd19\tools\sdk.elf.o
                0x01e0f264                clock_uart
                0x01e0f26c                clock_timer
                0x01e0f274                clock_lrc
                0x01e0f27c                clock_port
                0x01e0f284                clock_critical_handler_end = .
                0x01e0f284                gsensor_dev_begin = .
 *(.gsensor_dev)
                0x01e0f284                gsensor_dev_end = .
                0x01e0f284                . = ALIGN (0x4)
                0x01e0f284                OMSensor_dev_begin = .
 *(.omsensor_dev)
                0x01e0f284                OMSensor_dev_end = .
                0x01e0f284                storage_device_begin = .
 *(.storage_device)
                0x01e0f284                storage_device_end = .
 *(.opcore_table_maskrom)
 *(.bfilt_table_maskroom)
 *(.opcore_maskrom)
 *(.bfilt_code)
 *(.bfilt_const)
                0x01e0f284                . = ALIGN (0x4)
                0x01e0f284                __VERSION_BEGIN = .
 *(.sys.version)
 .sys.version   0x01e0f284       0x20 ../../../../include_lib/liba/bd19/btctrler.a(version.z.o)
                0x01e0f284                lib_btctler_version
 .sys.version   0x01e0f2a4       0x1e ../../../../include_lib/liba/bd19/update.a(version.z.o)
                0x01e0f2a4                lib_update_version
                0x01e0f2c2                __VERSION_END = .
 *(.noop_version)
                0x01e0f2e0                . = ALIGN (0x20)
 *fill*         0x01e0f2c2       0x1e 
                0x01e0f2e0                m_code_addr = .
 *(.m.code*)
 *(.movable.code*)
                0x00000000                m_code_size = ABSOLUTE ((. - m_code_addr))
                0x01e0f2e0                . = ALIGN (0x20)
                0x01e0f2e0                btctler_code_start = .
                0x01e0f2e0                BTCTLER_CONTROLLER_CODE_START = .
 *(.bt_rf_const)
 .bt_rf_const   0x01e0f2e0      0x3f8 ..\..\..\..\cpu\bd19\tools\sdk.elf.o
 *(.bt_rf_code)
 .bt_rf_code    0x01e0f6d8     0x2180 ..\..\..\..\cpu\bd19\tools\sdk.elf.o
 *(.vendor_manager_const)
 *(.vendor_manager_code)
 *(.device_manager_const)
 *(.device_manager_code)
 *(.hci_controller_const)
 .hci_controller_const
                0x01e11858       0x28 ..\..\..\..\cpu\bd19\tools\sdk.elf.o
 *(.hci_controller_code)
 .hci_controller_code
                0x01e11880      0x38a ..\..\..\..\cpu\bd19\tools\sdk.elf.o
 *(.hci_interface_const)
 *(.hci_interface_code)
                0x0000292a                BTCTLER_CONTROLLER_CODE_SIZE = ABSOLUTE ((. - BTCTLER_CONTROLLER_CODE_START))
                0x01e11c0a                BTCTLER_LE_CONTROLLER_CODE_START = .
 *(.ble_rf_const)
 *fill*         0x01e11c0a        0x2 
 .ble_rf_const  0x01e11c0c       0x18 ..\..\..\..\cpu\bd19\tools\sdk.elf.o
 *(.ble_rf_code)
 .ble_rf_code   0x01e11c24     0x278e ..\..\..\..\cpu\bd19\tools\sdk.elf.o
 *(.ble_ll_const)
 *fill*         0x01e143b2        0x2 
 .ble_ll_const  0x01e143b4       0x7c ..\..\..\..\cpu\bd19\tools\sdk.elf.o
 *(.ble_ll_code)
 .ble_ll_code   0x01e14430     0x1cee ..\..\..\..\cpu\bd19\tools\sdk.elf.o
 *(.ble_hci_const)
 .ble_hci_const
                0x01e1611e       0x19 ..\..\..\..\cpu\bd19\tools\sdk.elf.o
 *(.ble_hci_code)
 *fill*         0x01e16137        0x1 
 .ble_hci_code  0x01e16138      0x5e8 ..\..\..\..\cpu\bd19\tools\sdk.elf.o
 *(.classic_hci_const)
 *(.classic_hci_code)
                0x00004b16                BTCTLER_LE_CONTROLLER_CODE_SIZE = ABSOLUTE ((. - BTCTLER_LE_CONTROLLER_CODE_START))
                0x01e16720                BTCTLER_CL_CODE_START = .
 *(.bredr_irq)
 *(.bredr_irq_code)
 *(.bredr_irq_const)
 *(.classic_lmp_const)
 *(.classic_lmp_auth_const)
 *(.classic_lmp_bigint_const)
 *(.classic_lmp_crypt_const)
 *(.classic_lmp_ecdh_const)
 *(.classic_lmp_hmac_const)
 *(.classic_lmp_code)
 .classic_lmp_code
                0x01e16720      0x484 ..\..\..\..\cpu\bd19\tools\sdk.elf.o
 *(.classic_lmp_auth_code)
 *(.classic_lmp_bigint_code)
 *(.classic_lmp_crypt_code)
 *(.classic_lmp_ecdh_code)
 *(.classic_lmp_hmac_code)
 *(.classic_rf_const)
 .classic_rf_const
                0x01e16ba4       0x60 ..\..\..\..\cpu\bd19\tools\sdk.elf.o
 *(.classic_rf_code)
 .classic_rf_code
                0x01e16c04      0x668 ..\..\..\..\cpu\bd19\tools\sdk.elf.o
 *(.classic_bb_const)
 *(.classic_bb_code)
                0x00000b4c                BTCTLER_CL_CODE_SIZE = ABSOLUTE ((. - BTCTLER_CL_CODE_START))
                0x01e1726c                . = ALIGN (0x4)
 *(.classic_tws_const)
 *(.classic_tws_code)
 .classic_tws_code
                0x01e1726c       0x2c ..\..\..\..\cpu\bd19\tools\sdk.elf.o
 *(.classic_tws_code.esco)
                0x01e17298                btctler_code_end = .
                0x01e17298                update_code_start = .
 *(.bt_updata_ram_code)
 .bt_updata_ram_code
                0x01e17298       0x7a ..\..\..\..\cpu\bd19\tools\sdk.elf.o
 *(.update_const)
 *fill*         0x01e17312        0x2 
 .update_const  0x01e17314      0x175 ..\..\..\..\cpu\bd19\tools\sdk.elf.o
 *(.update_code)
 *fill*         0x01e17489        0x1 
 .update_code   0x01e1748a     0x1050 ..\..\..\..\cpu\bd19\tools\sdk.elf.o
                0x01e184da                update_code_end = .
                0x01e184da                driver_code_start = .
 *(.fm_code)
                0x01e184da                CLOCK_CODE_START = .
 *(.clock_code)
 .clock_code    0x01e184da      0x792 ..\..\..\..\cpu\bd19\tools\sdk.elf.o
 *(.clock_const)
                0x00000792                CLOCK_CODE_SIZE = ABSOLUTE ((. - CLOCK_CODE_START))
 *(.debug_code)
 *(.debug_const)
 *(.power_code)
 *(.power_const)
 *(.uart_code)
 *(.uart_const)
                0x01e18c6c                driver_code_end = .
                0x01e18c6c                . = ALIGN (0x4)
                0x00000000                . = ORIGIN (ram0)

.mmu_tlb        0x00000000      0x800
 *(.mmu_tlb_segment)
 .mmu_tlb_segment
                0x00000000      0x800 ..\..\..\..\cpu\bd19\tools\sdk.elf.o

.boot_info      0x00000800       0x40
 *(.boot_info)
 .boot_info     0x00000800       0x28 ..\..\..\..\cpu\bd19\tools\sdk.elf.o
                0x00000840                . = ALIGN (0x20)
 *fill*         0x00000828       0x18 

.data           0x00000840      0x800
 *(.data*)
 .data          0x00000840      0x100 ..\..\..\..\cpu\bd19\tools\sdk.elf.o
                0x000008ac                jiffies
 .data_magic    0x00000940       0x40 ..\..\..\..\cpu\bd19\tools\sdk.elf.o
                0x00000940                data_magic
                0x00000980                . = ALIGN (0x20)
                0x00000980                btstack_data_start = .
 *(.bt_stack_data)
 .bt_stack_data
                0x00000980       0x32 ..\..\..\..\cpu\bd19\tools\sdk.elf.o
 *(.ble_db_data)
 *(.ble_sm_data)
 *(.ble_att_data)
 *(.ble_gatt_data)
                0x000009b2                BTSTACK_LE_HOST_MESH_DATA_START = .
                0x000009b4                . = ((. + 0x3) & 0xfffffffc)
 *fill*         0x000009b2        0x2 
                0x000009b4                _net_buf_pool_list = .
 *(._net_buf_pool.static.*)
 *(.ble_mesh_data)
 *(.ble_mesh_tinycrypt_data)
                0x00000002                BTSTACK_LE_HOST_MESH_DATA_SIZE = ABSOLUTE ((. - BTSTACK_LE_HOST_MESH_DATA_START))
                0x000009b4                btstack_data_end = .
                0x000009b4                . = ALIGN (0x4)
                0x000009b4                . = ALIGN (0x4)
                0x000009b4                system_data_start = .
                0x000009b4                _video_subdev_begin = .
                [!provide]                PROVIDE (video_subdev_begin, .)
 *(.video_subdev.0)
 *(.video_subdev.1)
 *(.video_subdev.2)
 *(.video_subdev.3)
 *(.video_subdev.4)
 *(.video_subdev.5)
                0x000009b4                _video_subdev_end = .
                [!provide]                PROVIDE (video_subdev_end, .)
                0x000009b4                _audio_subdev_begin = .
                [!provide]                PROVIDE (audio_subdev_begin, .)
 *(.audio_subdev.0)
 *(.audio_subdev.1)
 *(.audio_subdev.2)
 *(.audio_subdev.3)
                0x000009b4                _audio_subdev_end = .
                [!provide]                PROVIDE (audio_subdev_end, .)
                0x000009b4                _iic_device_begin = .
                [!provide]                PROVIDE (iic_device_begin, .)
 *(.iic)
                0x000009b4                _iic_device_end = .
                [!provide]                PROVIDE (iic_device_end, .)
                0x000009b4                _avin_spi_device_begin = .
                [!provide]                PROVIDE (avin_spi_device_begin, .)
 *(.sw_spi)
                0x000009b4                _avin_spi_device_end = .
                [!provide]                PROVIDE (avin_spi_device_end, .)
                0x000009b4                _video_dev_begin = .
                [!provide]                PROVIDE (video_dev_begin, .)
 *(.video_device)
                0x000009b4                _video_dev_end = .
                [!provide]                PROVIDE (video_dev_end, .)
                0x000009b4                _key_driver_ops_begin = .
                [!provide]                PROVIDE (key_driver_ops_begin, .)
 *(.key_driver_ops)
                0x000009b4                _key_driver_ops_end = .
                [!provide]                PROVIDE (key_driver_ops_end, .)
                0x000009b4                _touch_driver_begin = .
                [!provide]                PROVIDE (touch_driver_begin, .)
 *(.touch_driver)
                0x000009b4                _touch_driver_end = .
                [!provide]                PROVIDE (touch_driver_end, .)
                0x000009b4                _static_hi_timer_begin = .
                [!provide]                PROVIDE (static_hi_timer_begin, .)
 *(.hi_timer)
                0x000009b4                _static_hi_timer_end = .
                [!provide]                PROVIDE (static_hi_timer_end, .)
                0x000009b4                _sys_cpu_timer_begin = .
                0x000009b4                PROVIDE (sys_cpu_timer_begin, .)
 *(.sys_cpu_timer)
                0x000009b4                _sys_cpu_timer_end = .
                0x000009b4                PROVIDE (sys_cpu_timer_end, .)
                0x000009b4                _sys_config_begin = .
                [!provide]                PROVIDE (sys_config_begin, .)
 *(.sys_cfg)
                0x000009b4                _sys_config_end = .
                [!provide]                PROVIDE (sys_config_end, .)
                0x000009b4                _sys_fat_begin = .
                [!provide]                PROVIDE (sys_fat_begin, .)
 *(.fs_fat)
                0x000009b4                _sys_fat_end = .
                [!provide]                PROVIDE (sys_fat_end, .)
                0x000009b4                _app_begin = .
                0x000009b4                PROVIDE (app_begin, .)
 *(.app)
 .app           0x000009b4       0x40 ..\..\..\..\cpu\bd19\tools\sdk.elf.o
                0x000009f4                _app_end = .
                0x000009f4                PROVIDE (app_end, .)
                0x000009f4                _os_begin = .
                [!provide]                PROVIDE (os_begin, .)
 *(.os_str)
 *(.os_data)
                0x000009f4                _os_end = .
                [!provide]                PROVIDE (os_end, .)
 *(.crypto_ecdh_data)
 *(.crypto_data)
 *(.mem_data)
 *(.os_port_data)
 *(.uECC_data)
 *(.ECDH_sample_data)
                0x000009f4                __movable_slot_start = .
 *(movable.slot.*)
                0x000009f4                __movable_slot_end = .
                0x000009f4                system_data_end = .
                0x000009f4                . = ALIGN (0x4)
                0x000009f4                btctler_data_start = .
                0x000009f4                BTCTLER_CONTROLLER_DATA_START = .
 *(.bt_rf_data)
 .bt_rf_data    0x000009f4      0x400 ..\..\..\..\cpu\bd19\tools\sdk.elf.o
 *(.vendor_manager_data)
 *(.device_manager_data)
 *(.hci_controller_data)
 .hci_controller_data
                0x00000df4       0xbc ..\..\..\..\cpu\bd19\tools\sdk.elf.o
 *(.hci_interface_data)
                0x000004bc                BTCTLER_CONTROLLER_DATA_SIZE = ABSOLUTE ((. - BTCTLER_CONTROLLER_DATA_START))
                0x00000eb0                BTCTLER_LE_CONTROLLER_DATA_START = .
 *(.ble_ll_data)
 .ble_ll_data   0x00000eb0        0xc ..\..\..\..\cpu\bd19\tools\sdk.elf.o
 *(.ble_hci_data)
 .ble_hci_data  0x00000ebc       0xad ..\..\..\..\cpu\bd19\tools\sdk.elf.o
 *(.classic_hci_data)
 *(.ble_rf_data)
 *fill*         0x00000f69        0x3 
 .ble_rf_data   0x00000f6c       0x14 ..\..\..\..\cpu\bd19\tools\sdk.elf.o
                0x000000d0                BTCTLER_LE_CONTROLLER_DATA_SIZE = ABSOLUTE ((. - BTCTLER_LE_CONTROLLER_DATA_START))
                0x00000f80                BTCTLER_CL_DATA_START = .
 *(.classic_lmp_data)
 .classic_lmp_data
                0x00000f80        0xc ..\..\..\..\cpu\bd19\tools\sdk.elf.o
 *(.classic_lmp_auth_data)
 *(.classic_lmp_bigint_data)
 *(.classic_lmp_crypt_data)
 *(.classic_lmp_ecdh_data)
 *(.classic_lmp_linkbulk_data)
 *(.classic_lmp_hmac_data)
 *(.classic_rf_data)
 *(.classic_bb_data)
                0x0000000c                BTCTLER_CL_DATA_SIZE = ABSOLUTE ((. - BTCTLER_CL_DATA_START))
                0x00000f8c                btctler_data_end = .
                0x00000f8c                update_data_start = .
                0x00000f8c                update_data_end = .
                0x00000f8c                driver_data_start = .
                0x00000f8c                CLOCK_DATA_START = .
 *(.clock_data)
 .clock_data    0x00000f8c       0x9c ..\..\..\..\cpu\bd19\tools\sdk.elf.o
                0x0000009c                CLOCK_DATA_SIZE = ABSOLUTE ((. - CLOCK_DATA_START))
 *(.debug_data)
 *(.power_data)
 *(.uart_data)
                0x00001028                driver_data_end = .
                0x00001040                . = ALIGN (0x20)
 *fill*         0x00001028       0x18 

.irq_stack      0x00001040      0x820
 *(.stack_magic)
 .stack_magic   0x00001040       0x10 ..\..\..\..\cpu\bd19\tools\sdk.elf.o
                0x00001040                stack_magic
                0x00001050                _cpu0_sstack_begin = .
                [!provide]                PROVIDE (cpu0_sstack_begin, .)
 *(.stack)
 .stack         0x00001050      0x800 ../../../../include_lib/liba/bd19/cpu.a(startup.S.o)
                0x00001850                _stack
                0x00001850                _cpu0_sstack_end = .
                [!provide]                PROVIDE (cpu0_sstack_end, .)
                0x00001850                _stack_end = .
 *(.stack_magic0)
 .stack_magic0  0x00001850       0x10 ..\..\..\..\cpu\bd19\tools\sdk.elf.o
                0x00001850                stack_magic0
                0x00001860                . = ALIGN (0x4)

.bss            0x00001860     0x1994
 *(.usb_audio_play_dma)
 *(.usb_audio_rec_dma)
 *(.uac_rx)
 *(.mass_storage)
 *(.usb_h_dma)
 *(.usb_ep0)
 *(.usb_msd_dma)
 *(.usb_hid_dma)
 *(.usb_iso_dma)
 *(.usb_cdc_dma)
 *(.uac_var)
 *(.usb_config_var)
 *(.cdc_var)
                0x00001860                . = ALIGN (0x4)
                0x00001860                btstack_bss_start = .
 *(.bt_stack_bss)
 .bt_stack_bss  0x00001860      0x480 ..\..\..\..\cpu\bd19\tools\sdk.elf.o
 *(.ble_db_bss)
 *(.ble_sm_bss)
 *(.ble_att_bss)
 .ble_att_bss   0x00001ce0       0x3c ..\..\..\..\cpu\bd19\tools\sdk.elf.o
 *(.ble_gatt_bss)
 .ble_gatt_bss  0x00001d1c       0x18 ..\..\..\..\cpu\bd19\tools\sdk.elf.o
 *(.btstack_pool)
                0x00001d34                BTSTACK_LE_HOST_MESH_BSS_START = .
 *(.ble_mesh_bss)
 *(.ble_mesh_tinycrypt_bss)
                0x00000000                BTSTACK_LE_HOST_MESH_BSS_SIZE = ABSOLUTE ((. - BTSTACK_LE_HOST_MESH_BSS_START))
                0x00001d34                btstack_bss_end = .
                0x00001d34                . = ALIGN (0x4)
                0x00001d34                system_bss_start = .
                0x00001d34                . = ALIGN (0x4)
 *(.os_bss)
 *(.mem_heap)
 *(.memp_memory_x)
 *(.mem_bss)
 *(.os_port_bss)
 *(.uECC_bss)
 *(.ECDH_sample_bss)
                0x00001d34                system_bss_end = .
                0x00001d34                . = ALIGN (0x4)
 *(.bss)
 *fill*         0x00001d34        0xc 
 .bss           0x00001d40      0xdd0 ..\..\..\..\cpu\bd19\tools\sdk.elf.o
                0x00002b10                . = ALIGN (0x4)
 *(.os_bss)
 *(.volatile_ram)
 *(.btstack_pool)
 *(.mem_heap)
 *(.memp_memory_x)
                0x00002b20                . = ALIGN (0x20)
 *fill*         0x00002b10       0x10 
                0x00002b20                btctler_bss_start = .
                0x00002b20                BTCTLER_CONTROLLER_BSS_START = .
 *(.bd_base)
 .bd_base       0x00002b20      0x15c ..\..\..\..\cpu\bd19\tools\sdk.elf.o
                0x00002b20                bd_base
 *(.bredr_rxtx_bulk)
                0x00002c7c                acl_tx_pool = .
 *(.bredr_tx_bulk)
                0x00002c7c                acl_tx_pool_end = (acl_tx_pool + 0x0)
                0x00002c7c                . = acl_tx_pool_end
                0x00002c7c                acl_rx_pool = .
 *(.bredr_rx_bulk)
                0x00002c7c                acl_rx_pool_end = (acl_rx_pool + 0x0)
                0x00002c7c                . = acl_rx_pool_end
                0x00002c7c                tws_bulk_pool = .
                0x00002c7c                tws_bulk_pool_end = tws_bulk_pool
                0x00002c7c                . = tws_bulk_pool_end
 *(.bt_rf_bss)
 .bt_rf_bss     0x00002c7c       0x2c ..\..\..\..\cpu\bd19\tools\sdk.elf.o
 *(.hci_controller_bss)
 .hci_controller_bss
                0x00002ca8       0x38 ..\..\..\..\cpu\bd19\tools\sdk.elf.o
 *(.hci_interface_bss)
 *(.device_manager_bss)
 *(.vendor_manager_bss)
                0x000001c0                BTCTLER_CONTROLLER_BSS_SIZE = ABSOLUTE ((. - BTCTLER_CONTROLLER_BSS_START))
                0x00002ce0                BTCTLER_LE_CONTROLLER_BSS_START = .
 *(.ble_hci_bss)
 .ble_hci_bss   0x00002ce0       0x80 ..\..\..\..\cpu\bd19\tools\sdk.elf.o
 *(.ble_ll_bss)
 .ble_ll_bss    0x00002d60      0x283 ..\..\..\..\cpu\bd19\tools\sdk.elf.o
 *(.ble_rf_bss)
 *fill*         0x00002fe3        0x1 
 .ble_rf_bss    0x00002fe4        0x4 ..\..\..\..\cpu\bd19\tools\sdk.elf.o
                0x00000308                BTCTLER_LE_CONTROLLER_BSS_SIZE = ABSOLUTE ((. - BTCTLER_LE_CONTROLLER_BSS_START))
                0x00002fe8                BTCTLER_CL_BSS_START = .
 *(.classic_rf_bss)
 .classic_rf_bss
                0x00002fe8       0xac ..\..\..\..\cpu\bd19\tools\sdk.elf.o
 *(.classic_lmp_bss)
 .classic_lmp_bss
                0x00003094       0xe0 ..\..\..\..\cpu\bd19\tools\sdk.elf.o
 *(.classic_lmp_auth_bss)
 *(.classic_lmp_bigint_bss)
 *(.classic_lmp_crypt_bss)
 *(.classic_lmp_ecdh_bss)
 *(.classic_lmp_linkbulk_bss)
 *(.classic_lmp_hmac_bss)
 *(.classic_bb_bss)
 *(.classic_hci_bss)
                0x0000018c                BTCTLER_CL_BSS_SIZE = ABSOLUTE ((. - BTCTLER_CL_BSS_START))
                0x00003174                btctler_bss_end = .
                0x00003174                update_bss_start = .
 *(.update_bss)
 .update_bss    0x00003174       0x24 ..\..\..\..\cpu\bd19\tools\sdk.elf.o
                0x00003198                update_bss_end = .
                0x00003198                driver_bss_start = .
                0x00003198                CLOCK_BSS_START = .
 *(.clock_bss)
 .clock_bss     0x00003198       0x56 ..\..\..\..\cpu\bd19\tools\sdk.elf.o
                0x00000056                CLOCK_BSS_SIZE = ABSOLUTE ((. - CLOCK_BSS_START))
 *(.debug_bss)
 *(.power_bss)
 *(.uart_bss)
 *(.sd_var)
                0x000031ee                driver_bss_end = .
 *fill*         0x000031ee        0x2 
 COMMON         0x000031f0        0x4 ..\..\..\..\cpu\bd19\tools\sdk.elf.o
                0x000031f0                CurrentTCB

.data_code      0x00003200     0x15b8
                0x00003200                data_code_pc_limit_begin = .
 *(.flushinv_icache)
 *(.cache)
 *(.os_critical_code)
 .os_critical_code
                0x00003200      0x1b4 ..\..\..\..\cpu\bd19\tools\sdk.elf.o
                0x00003236                jiffies_half_msec
                0x00003296                jiffies_msec
                0x0000329e                pcTaskName
                0x00003332                pvPortSwitch
                0x00003348                uxTaskStack
 .os_critical_code
                0x000033b4       0x46 ../../../../include_lib/liba/bd19/system.a(port_asm_mmu.S.o)
                0x000033b4                vAppPortStartFirstTask
                0x000033de                __tick_irq_handler
                0x000033de                begin_of_data
 *(.volatile_ram_code)
 *fill*         0x000033fa        0x6 
 .volatile_ram_code
                0x00003400     0x10a0 ..\..\..\..\cpu\bd19\tools\sdk.elf.o
                0x000038a2                read_flash_id
                0x000039f0                norflash_erase
                0x00003ac4                flushinv_dcache_api
 .volatile_ram_code
                0x000044a0       0x12 ../../../../include_lib/liba/bd19/cpu.a(startup.S.o)
                0x000044a0                exception_irq_handler
 *(.os_code)
 *(.os_str)
 *(.fat_data_code)
                0x000044b4                . = ALIGN (0x4)
 *fill*         0x000044b2        0x2 
                0x000044b4                _SPI_CODE_START = .
 *(.spi_code)
                0x000044b4                . = ALIGN (0x4)
                0x000044b4                _SPI_CODE_END = .
                0x000044b4                . = ALIGN (0x4)
                0x000044b4                btctler_ram_code_start = .
 *(.lmp_irq_code)
 .lmp_irq_code  0x000044b4       0x6a ..\..\..\..\cpu\bd19\tools\sdk.elf.o
 *(.link_bulk_code)
 *(.frame_irq_code)
                0x00004520                . = ALIGN (0x4)
 *fill*         0x0000451e        0x2 
 *(.link_task_const)
 *(.link_task_code)
                0x00004520                . = ALIGN (0x4)
 *(.classic_irq_const)
 *(.classic_irq_code)
 .classic_irq_code
                0x00004520      0x28e ..\..\..\..\cpu\bd19\tools\sdk.elf.o
                0x000047b0                . = ALIGN (0x4)
 *fill*         0x000047ae        0x2 
 *(.tws_irq_code)
                0x000047b0                . = ALIGN (0x4)
                0x000047b0                tws_sync_call_begin = .
 *(.tws_sync_call)
                0x000047b0                tws_sync_call_end = .
                0x000047b0                . = ALIGN (0x4)
                0x000047b0                tws_func_stub_begin = .
 *(.tws_func_stub)
 .tws_func_stub
                0x000047b0        0x8 ..\..\..\..\cpu\bd19\tools\sdk.elf.o
                0x000047b8                tws_func_stub_end = .
 *(.tws_media_sync_code)
 *(.tws_media_sync_const)
 *(.tws_data_forward_code)
 *(.tws_data_forward_const)
                0x000047b8                . = ALIGN (0x4)
                0x000047b8                tws_sync_channel_begin = .
 *(.tws_sync_channel.0)
 *(.tws_sync_channel.1)
 *(.tws_sync_channel.2)
 *(.tws_sync_channel.3)
 *(.tws_sync_channel.4)
 *(.tws_sync_channel.5)
 *(.tws_sync_channel.6)
 *(.tws_sync_channel.7)
 *(.tws_sync_channel.8)
 *(.tws_sync_channel.9)
 *(.tws_sync_channel.10)
 *(.tws_sync_channel.11)
 *(.tws_sync_channel.12)
 *(.tws_sync_channel.13)
                0x000047b8                tws_sync_channel_end = .
                0x000047b8                btctler_ram_code_end = .
                0x000047b8                . = ALIGN (0x4)

.nv_bss         0x000047c0      0x164
                0x000047c0                NVRAM_DATA_START = .
 *(.non_volatile_ram)
 .non_volatile_ram
                0x000047c0      0x164 ..\..\..\..\cpu\bd19\tools\sdk.elf.o
                0x00000164                NVRAM_DATA_SIZE = ABSOLUTE ((. - NVRAM_DATA_START))
                0x00004924                . = ALIGN (0x4)
                0x00004924                NVRAM_END = .
                0x00004924                _nv_pre_begin = .
                0x00004924                __report_overlay_begin = .

.overlay_aec    0x00004924        0x0 load address 0x00200000
                0x00004924                . = ALIGN (0x4)
                0x00004924                aec_code_begin = .
 *(.text._*)
 *(.data._*)
 *(.aec_code)
 *(.aec_const)
 *(.res_code)
 *(.res_const)
 *(.ns_code)
 *(.ns_const)
 *(.fft_code)
 *(.fft_const)
 *(.nlp_code)
 *(.nlp_const)
 *(.der_code)
 *(.der_const)
 *(.qmf_code)
 *(.qmf_const)
 *(.aec_data)
 *(.res_data)
 *(.ns_data)
 *(.nlp_data)
 *(.der_data)
 *(.qmf_data)
 *(.fft_data)
 *(.dms_code)
 *(.dms_const)
 *(.dms_data)
                0x00004924                . = ALIGN (0x4)
 *(.aec_mux)
                0x00004924                . = ALIGN (0x4)
                0x00004924                aec_code_end = .
                0x00000000                aec_code_size = (aec_code_end - aec_code_begin)
                [!provide]                PROVIDE (__load_start_overlay_aec, LOADADDR (.overlay_aec))
                [!provide]                PROVIDE (__load_stop_overlay_aec, (LOADADDR (.overlay_aec) + SIZEOF (.overlay_aec)))

.overlay_aac    0x00004924        0x0 load address 0x00200000
                0x00004924                . = ALIGN (0x4)
                0x00004924                aac_dec_code_begin = .
 *(.bt_aac_dec_code)
 *(.bt_aac_dec_sparse_code)
                0x00004924                aac_dec_code_end = .
                0x00000000                aac_dec_code_size = (aac_dec_code_end - aac_dec_code_begin)
                0x00004924                . = ALIGN (0x4)
                0x00004924                bt_aac_dec_const_begin = .
 *(.bt_aac_dec_const)
 *(.bt_aac_dec_sparse_const)
                0x00004924                . = ALIGN (0x4)
                0x00004924                bt_aac_dec_const_end = .
                0x00000000                bt_aac_dec_const_size = (bt_aac_dec_const_end - bt_aac_dec_const_begin)
 *(.bt_aac_dec_data)
                0x00004924                . = ALIGN (0x4)
                [!provide]                PROVIDE (__load_start_overlay_aac, LOADADDR (.overlay_aac))
                [!provide]                PROVIDE (__load_stop_overlay_aac, (LOADADDR (.overlay_aac) + SIZEOF (.overlay_aac)))

.ram0_empty0    0x00004924        0x4
                0x00004928                . = (. + 0x4)
 *fill*         0x00004924        0x4 

.overlay_aec_ram
                0x00004928        0x0 load address 0x00210000
                0x00004928                . = ALIGN (0x4)
 *(.msbc_enc)
 *(.cvsd_codec)
 *(.aec_bss)
 *(.res_bss)
 *(.ns_bss)
 *(.nlp_bss)
 *(.der_bss)
 *(.qmf_bss)
 *(.fft_bss)
 *(.aec_mem)
 *(.dms_bss)
                [!provide]                PROVIDE (__load_start_overlay_aec_ram, LOADADDR (.overlay_aec_ram))
                [!provide]                PROVIDE (__load_stop_overlay_aec_ram, (LOADADDR (.overlay_aec_ram) + SIZEOF (.overlay_aec_ram)))

.overlay_aac_ram
                0x00004928        0x0 load address 0x00210000
                0x00004928                . = ALIGN (0x4)
 *(.bt_aac_dec_bss)
                0x00004928                . = ALIGN (0x4)
 *(.aac_mem)
 *(.aac_ctrl_mem)
                [!provide]                PROVIDE (__load_start_overlay_aac_ram, LOADADDR (.overlay_aac_ram))
                [!provide]                PROVIDE (__load_stop_overlay_aac_ram, (LOADADDR (.overlay_aac_ram) + SIZEOF (.overlay_aac_ram)))

.overlay_mp3    0x00004928        0x0 load address 0x00210000
 *(.mp3_mem)
 *(.mp3_ctrl_mem)
 *(.mp3pick_mem)
 *(.mp3pick_ctrl_mem)
 *(.dec2tws_mem)
                [!provide]                PROVIDE (__load_start_overlay_mp3, LOADADDR (.overlay_mp3))
                [!provide]                PROVIDE (__load_stop_overlay_mp3, (LOADADDR (.overlay_mp3) + SIZEOF (.overlay_mp3)))

.overlay_wma    0x00004928        0x0 load address 0x00210000
 *(.wma_mem)
 *(.wma_ctrl_mem)
 *(.wmapick_mem)
 *(.wmapick_ctrl_mem)
                [!provide]                PROVIDE (__load_start_overlay_wma, LOADADDR (.overlay_wma))
                [!provide]                PROVIDE (__load_stop_overlay_wma, (LOADADDR (.overlay_wma) + SIZEOF (.overlay_wma)))

.overlay_ape    0x00004928        0x0 load address 0x00210000
 *(.ape_mem)
 *(.ape_ctrl_mem)
                [!provide]                PROVIDE (__load_start_overlay_ape, LOADADDR (.overlay_ape))
                [!provide]                PROVIDE (__load_stop_overlay_ape, (LOADADDR (.overlay_ape) + SIZEOF (.overlay_ape)))

.overlay_flac   0x00004928        0x0 load address 0x00210000
 *(.flac_mem)
 *(.flac_ctrl_mem)
                [!provide]                PROVIDE (__load_start_overlay_flac, LOADADDR (.overlay_flac))
                [!provide]                PROVIDE (__load_stop_overlay_flac, (LOADADDR (.overlay_flac) + SIZEOF (.overlay_flac)))

.overlay_m4a    0x00004928        0x0 load address 0x00210000
 *(.m4a_mem)
 *(.m4a_ctrl_mem)
                [!provide]                PROVIDE (__load_start_overlay_m4a, LOADADDR (.overlay_m4a))
                [!provide]                PROVIDE (__load_stop_overlay_m4a, (LOADADDR (.overlay_m4a) + SIZEOF (.overlay_m4a)))

.overlay_amr    0x00004928        0x0 load address 0x00210000
 *(.amr_mem)
 *(.amr_ctrl_mem)
                [!provide]                PROVIDE (__load_start_overlay_amr, LOADADDR (.overlay_amr))
                [!provide]                PROVIDE (__load_stop_overlay_amr, (LOADADDR (.overlay_amr) + SIZEOF (.overlay_amr)))

.overlay_dts    0x00004928        0x0 load address 0x00210000
 *(.dts_mem)
 *(.dts_ctrl_mem)
                [!provide]                PROVIDE (__load_start_overlay_dts, LOADADDR (.overlay_dts))
                [!provide]                PROVIDE (__load_stop_overlay_dts, (LOADADDR (.overlay_dts) + SIZEOF (.overlay_dts)))

.overlay_fm     0x00004928        0x0 load address 0x00210000
 *(.fm_mem)
                [!provide]                PROVIDE (__load_start_overlay_fm, LOADADDR (.overlay_fm))
                [!provide]                PROVIDE (__load_stop_overlay_fm, (LOADADDR (.overlay_fm) + SIZEOF (.overlay_fm)))

.overlay_pc     0x00004928        0x0 load address 0x00210000
                [!provide]                PROVIDE (__load_start_overlay_pc, LOADADDR (.overlay_pc))
                [!provide]                PROVIDE (__load_stop_overlay_pc, (LOADADDR (.overlay_pc) + SIZEOF (.overlay_pc)))
                0x0000bb00                NVRAM_LIMIT = 0xbb00
                0x0000bb00                _nv_pre_end = 0xbb00
                0x00000001                ASSERT ((NVRAM_END <= NVRAM_LIMIT), NVRAM space overflow!)
                0x00004928                data_code_pc_limit_end = .
                0x00004928                __report_overlay_end = .
                0x00004928                _HEAP_BEGIN = .
                0x0000fb60                _HEAP_END = RAM0_END
                0x000003d8                BTCTLER_LE_RAM_TOTAL = (BTCTLER_LE_CONTROLLER_DATA_SIZE + BTCTLER_LE_CONTROLLER_BSS_SIZE)
                0x00004b16                BTCTLER_LE_CODE_TOTAL = BTCTLER_LE_CONTROLLER_CODE_SIZE
                0x00000198                BTCTLER_CL_RAM_TOTAL = (BTCTLER_CL_DATA_SIZE + BTCTLER_CL_BSS_SIZE)
                0x00000b4c                BTCTLER_CL_CODE_TOTAL = BTCTLER_CL_CODE_SIZE
                0x0000067c                BTCTLER_COMMON_RAM_TOTAL = (BTCTLER_CONTROLLER_BSS_SIZE + BTCTLER_CONTROLLER_DATA_SIZE)
                0x0000292a                BTCTLER_COMMON_CODE_TOTAL = BTCTLER_CONTROLLER_CODE_SIZE
                0x00000bec                BTCTLER_RAM_TOTAL = ((btctler_data_end - btctler_data_start) + (btctler_bss_end - btctler_bss_start))
                0x000082bc                BTCTLER_CODE_TOTAL = ((btctler_code_end - btctler_code_start) + (btctler_ram_code_end - btctler_ram_code_start))
                0x00001242                UPDATE_CODE_TOTAL_SIZE = (update_code_end - update_code_start)
                0x000000f2                DRIVER_RAM_TOTAL = ((driver_data_end - driver_data_start) + (driver_bss_end - driver_bss_start))
                0x00000792                DRIVER_CODE_TOTAL = (driver_code_end - driver_code_start)
                0x01e00120                text_begin = ADDR (.text)
                0x00018b4c                text_size = SIZEOF (.text)
                0x01e18c6c                text_end = (text_begin + text_size)
                0x00001860                bss_begin = ADDR (.bss)
                0x00001994                bss_size = SIZEOF (.bss)
                0x000031f4                bss_end = (bss_begin + bss_size)
                0x000047c0                nvbss_begin = NVRAM_DATA_START
                0x00007340                nvbss_size = (NVRAM_LIMIT - nvbss_begin)
                0x00000840                data_addr = ADDR (.data)
                0x01e18c6c                data_begin = (text_begin + text_size)
                0x00000800                data_size = SIZEOF (.data)
                0x00003200                data_code_addr = ADDR (.data_code)
                0x01e1946c                data_code_begin = (data_begin + data_size)
                0x000015b8                data_code_size = SIZEOF (.data_code)
                0x00004924                aec_addr = ADDR (.overlay_aec)
                0x01e1aa24                aec_begin = (data_code_begin + data_code_size)
                0x00000000                aec_size = SIZEOF (.overlay_aec)
                0x00004924                aac_addr = ADDR (.overlay_aac)
                0x01e1aa24                aac_begin = (aec_begin + aec_size)
                0x00000000                aac_size = SIZEOF (.overlay_aac)
                0x01e1aa24                bank_code_load_addr = (aac_begin + aac_size)
                0x00004928                PROVIDE (HEAP_BEGIN, _HEAP_BEGIN)
                0x0000fb60                PROVIDE (HEAP_END, _HEAP_END)
                0x0000b238                _MALLOC_SIZE = (_HEAP_END - _HEAP_BEGIN)
                [!provide]                PROVIDE (MALLOC_SIZE, (_HEAP_END - _HEAP_BEGIN))
                0x01e00120                report_text_beign = ADDR (.text)
                0x00018b4c                report_text_size = SIZEOF (.text)
                0x01e18c6c                report_text_end = (report_text_beign + report_text_size)
                0x00000000                report_mmu_tlb_begin = ADDR (.mmu_tlb)
                0x00000800                report_mmu_tlb_size = SIZEOF (.mmu_tlb)
                0x00000800                report_mmu_tlb_end = (report_mmu_tlb_begin + report_mmu_tlb_size)
                0x00000800                report_boot_info_begin = ADDR (.boot_info)
                0x00000040                report_boot_info_size = SIZEOF (.boot_info)
                0x00000840                report_boot_info_end = (report_boot_info_begin + report_boot_info_size)
                0x00001040                report_irq_stack_begin = ADDR (.irq_stack)
                0x00000820                report_irq_stack_size = SIZEOF (.irq_stack)
                0x00001860                report_irq_stack_end = (report_irq_stack_begin + report_irq_stack_size)
                0x00000840                report_data_begin = ADDR (.data)
                0x00000800                report_data_size = SIZEOF (.data)
                0x00001040                report_data_end = (report_data_begin + report_data_size)
                0x00001860                report_bss_begin = ADDR (.bss)
                0x00001994                report_bss_size = SIZEOF (.bss)
                0x000031f4                report_bss_end = (report_bss_begin + report_bss_size)
                0x00003200                report_data_code_begin = ADDR (.data_code)
                0x000015b8                report_data_code_size = SIZEOF (.data_code)
                0x000047b8                report_data_code_end = (report_data_code_begin + report_data_code_size)
                0x00004924                report_overlay_begin = __report_overlay_begin
                0x00000004                report_overlay_size = (__report_overlay_end - __report_overlay_begin)
                0x00004928                report_overlay_end = __report_overlay_end
                0x00004928                report_heap_beign = _HEAP_BEGIN
                0x0000b238                report_heap_size = (_HEAP_END - _HEAP_BEGIN)
                0x0000fb60                report_heap_end = _HEAP_END
                0x0000fb60                BD19_PHY_RAM_SIZE = PHY_RAM_SIZE
                0x0000f9e8                BD19_SDK_RAM_SIZE = (((((((report_mmu_tlb_size + report_boot_info_size) + report_irq_stack_size) + report_data_size) + report_bss_size) + report_overlay_size) + report_data_code_size) + report_heap_size)
LOAD C:\JL\pi32\q32s-lib\libm.a
LOAD C:\JL\pi32\q32s-lib\libc.a
LOAD C:\JL\pi32\q32s-lib\libm.a
LOAD C:\JL\pi32\q32s-lib\libcompiler-rt.a
OUTPUT(..\..\..\..\cpu\bd19\tools\sdk.elf elf32-q32s)

.debug_str      0x00000000    0x2f3d1
 .debug_str     0x00000000    0x2f3d1 ..\..\..\..\cpu\bd19\tools\sdk.elf.o
                              0x32521 (size before relaxing)

.debug_loc      0x00000000    0x11e0b
 .debug_loc     0x00000000    0x11e0b ..\..\..\..\cpu\bd19\tools\sdk.elf.o

.debug_abbrev   0x00000000      0xf6b
 .debug_abbrev  0x00000000      0xf1d ..\..\..\..\cpu\bd19\tools\sdk.elf.o
 .debug_abbrev  0x00000f1d       0x26 ../../../../include_lib/liba/bd19/cpu.a(startup.S.o)
 .debug_abbrev  0x00000f43       0x28 ../../../../include_lib/liba/bd19/system.a(port_asm_mmu.S.o)

.debug_info     0x00000000    0x80c72
 .debug_info    0x00000000    0x808ba ..\..\..\..\cpu\bd19\tools\sdk.elf.o
 .debug_info    0x000808ba      0x1e4 ../../../../include_lib/liba/bd19/cpu.a(startup.S.o)
 .debug_info    0x00080a9e      0x1d4 ../../../../include_lib/liba/bd19/system.a(port_asm_mmu.S.o)

.debug_ranges   0x00000000     0x2cd0
 .debug_ranges  0x00000000     0x2ca8 ..\..\..\..\cpu\bd19\tools\sdk.elf.o
 .debug_ranges  0x00002ca8       0x28 ../../../../include_lib/liba/bd19/cpu.a(startup.S.o)

.debug_macinfo  0x00000000        0x1
 .debug_macinfo
                0x00000000        0x1 ..\..\..\..\cpu\bd19\tools\sdk.elf.o

.debug_pubnames
                0x00000000    0x13f55
 .debug_pubnames
                0x00000000    0x13f55 ..\..\..\..\cpu\bd19\tools\sdk.elf.o

.debug_pubtypes
                0x00000000     0xebda
 .debug_pubtypes
                0x00000000     0xebda ..\..\..\..\cpu\bd19\tools\sdk.elf.o

.debug_frame    0x00000000     0x5a94
 .debug_frame   0x00000000     0x5a94 ..\..\..\..\cpu\bd19\tools\sdk.elf.o

.debug_line     0x00000000    0x2bf28
 .debug_line    0x00000000    0x2bd23 ..\..\..\..\cpu\bd19\tools\sdk.elf.o
 .debug_line    0x0002bd23       0xf7 ../../../../include_lib/liba/bd19/cpu.a(startup.S.o)
 .debug_line    0x0002be1a       0xb6 ../../../../include_lib/liba/bd19/system.a(port_asm_mmu.S.o)
 .debug_line    0x0002bed0       0x2c ../../../../include_lib/liba/bd19/btctrler.a(version.z.o)
 .debug_line    0x0002befc       0x2c ../../../../include_lib/liba/bd19/update.a(version.z.o)

.debug_aranges  0x00000000       0x48
 .debug_aranges
                0x00000000       0x28 ../../../../include_lib/liba/bd19/cpu.a(startup.S.o)
 .debug_aranges
                0x00000028       0x20 ../../../../include_lib/liba/bd19/system.a(port_asm_mmu.S.o)
